[2026-07-20 19:36:13] laravel.EMERGENCY: Unable to create configured logger. Using emergency logger. {"exception":"[object] (InvalidArgumentException(code: 0): Log [] is not defined. at C:/Users/kings/Downloads/sbrai-app-backend-FIXED/vendor/laravel/framework/src/Illuminate/Log/LogManager.php:232)
[stacktrace]
#0 C:/Users/kings/Downloads/sbrai-app-backend-FIXED/vendor/laravel/framework/src/Illuminate/Log/LogManager.php(139): Illuminate/Log/LogManager->resolve()
#1 C:/Users/kings/Downloads/sbrai-app-backend-FIXED/vendor/laravel/framework/src/Illuminate/Log/LogManager.php(126): Illuminate/Log/LogManager->get()
#2 C:/Users/kings/Downloads/sbrai-app-backend-FIXED/vendor/laravel/framework/src/Illuminate/Log/LogManager.php(701): Illuminate/Log/LogManager->driver()
#3 C:/Users/kings/Downloads/sbrai-app-backend-FIXED/vendor/laravel/framework/src/Illuminate/Foundation/Exceptions/Handler.php(380): Illuminate/Log/LogManager->error()
#4 C:/Users/kings/Downloads/sbrai-app-backend-FIXED/vendor/laravel/framework/src/Illuminate/Foundation/Exceptions/Handler.php(343): Illuminate/Foundation/Exceptions/Handler->reportThrowable()
#5 C:/Users/kings/Downloads/sbrai-app-backend-FIXED/vendor/laravel/framework/src/Illuminate/Foundation/Console/Kernel.php(621): Illuminate/Foundation/Exceptions/Handler->report()
#6 C:/Users/kings/Downloads/sbrai-app-backend-FIXED/vendor/laravel/framework/src/Illuminate/Foundation/Console/Kernel.php(200): Illuminate/Foundation/Console/Kernel->reportException()
#7 Command line code(1): Illuminate/Foundation/Console/Kernel->handle()
#8 {main}
"} 
[2026-07-20 19:36:13] laravel.EMERGENCY: Unable to create configured logger. Using emergency logger. {"exception":"[object] (InvalidArgumentException(code: 0): Log [] is not defined. at C:/Users/kings/Downloads/sbrai-app-backend-FIXED/vendor/laravel/framework/src/Illuminate/Log/LogManager.php:232)
[stacktrace]
#0 C:/Users/kings/Downloads/sbrai-app-backend-FIXED/vendor/laravel/framework/src/Illuminate/Log/LogManager.php(139): Illuminate/Log/LogManager->resolve()
#1 C:/Users/kings/Downloads/sbrai-app-backend-FIXED/vendor/laravel/framework/src/Illuminate/Log/LogManager.php(126): Illuminate/Log/LogManager->get()
#2 C:/Users/kings/Downloads/sbrai-app-backend-FIXED/vendor/laravel/framework/src/Illuminate/Log/LogManager.php(701): Illuminate/Log/LogManager->driver()
#3 C:/Users/kings/Downloads/sbrai-app-backend-FIXED/vendor/laravel/framework/src/Illuminate/Foundation/Exceptions/Handler.php(380): Illuminate/Log/LogManager->error()
#4 C:/Users/kings/Downloads/sbrai-app-backend-FIXED/vendor/laravel/framework/src/Illuminate/Foundation/Exceptions/Handler.php(343): Illuminate/Foundation/Exceptions/Handler->reportThrowable()
#5 C:/Users/kings/Downloads/sbrai-app-backend-FIXED/vendor/laravel/framework/src/Illuminate/Foundation/Console/Kernel.php(621): Illuminate/Foundation/Exceptions/Handler->report()
#6 C:/Users/kings/Downloads/sbrai-app-backend-FIXED/vendor/laravel/framework/src/Illuminate/Foundation/Console/Kernel.php(200): Illuminate/Foundation/Console/Kernel->reportException()
#7 Command line code(1): Illuminate/Foundation/Console/Kernel->handle()
#8 {main}
"} 
[2026-07-20 19:36:13] laravel.ERROR: array_merge(): Argument #2 must be of type array, int given {"exception":"[object] (TypeError(code: 0): array_merge(): Argument #2 must be of type array, int given at C:/Users/kings/Downloads/sbrai-app-backend-FIXED/vendor/laravel/framework/src/Illuminate/Foundation/Bootstrap/LoadConfiguration.php:100)
[stacktrace]
#0 C:/Users/kings/Downloads/sbrai-app-backend-FIXED/vendor/laravel/framework/src/Illuminate/Foundation/Bootstrap/LoadConfiguration.php(100): array_merge()
#1 C:/Users/kings/Downloads/sbrai-app-backend-FIXED/vendor/laravel/framework/src/Illuminate/Foundation/Bootstrap/LoadConfiguration.php(78): Illuminate/Foundation/Bootstrap/LoadConfiguration->loadConfigurationFile()
#2 C:/Users/kings/Downloads/sbrai-app-backend-FIXED/vendor/laravel/framework/src/Illuminate/Foundation/Bootstrap/LoadConfiguration.php(39): Illuminate/Foundation/Bootstrap/LoadConfiguration->loadConfigurationFiles()
#3 C:/Users/kings/Downloads/sbrai-app-backend-FIXED/vendor/laravel/framework/src/Illuminate/Foundation/Application.php(342): Illuminate/Foundation/Bootstrap/LoadConfiguration->bootstrap()
#4 C:/Users/kings/Downloads/sbrai-app-backend-FIXED/vendor/laravel/framework/src/Illuminate/Foundation/Console/Kernel.php(474): Illuminate/Foundation/Application->bootstrapWith()
#5 C:/Users/kings/Downloads/sbrai-app-backend-FIXED/vendor/laravel/framework/src/Illuminate/Foundation/Console/Kernel.php(196): Illuminate/Foundation/Console/Kernel->bootstrap()
#6 Command line code(1): Illuminate/Foundation/Console/Kernel->handle()
#7 {main}
"} 
[2026-07-20 19:36:13] laravel.ERROR: array_merge(): Argument #2 must be of type array, int given {"exception":"[object] (TypeError(code: 0): array_merge(): Argument #2 must be of type array, int given at C:/Users/kings/Downloads/sbrai-app-backend-FIXED/vendor/laravel/framework/src/Illuminate/Foundation/Bootstrap/LoadConfiguration.php:100)
[stacktrace]
#0 C:/Users/kings/Downloads/sbrai-app-backend-FIXED/vendor/laravel/framework/src/Illuminate/Foundation/Bootstrap/LoadConfiguration.php(100): array_merge()
#1 C:/Users/kings/Downloads/sbrai-app-backend-FIXED/vendor/laravel/framework/src/Illuminate/Foundation/Bootstrap/LoadConfiguration.php(78): Illuminate/Foundation/Bootstrap/LoadConfiguration->loadConfigurationFile()
#2 C:/Users/kings/Downloads/sbrai-app-backend-FIXED/vendor/laravel/framework/src/Illuminate/Foundation/Bootstrap/LoadConfiguration.php(39): Illuminate/Foundation/Bootstrap/LoadConfiguration->loadConfigurationFiles()
#3 C:/Users/kings/Downloads/sbrai-app-backend-FIXED/vendor/laravel/framework/src/Illuminate/Foundation/Application.php(342): Illuminate/Foundation/Bootstrap/LoadConfiguration->bootstrap()
#4 C:/Users/kings/Downloads/sbrai-app-backend-FIXED/vendor/laravel/framework/src/Illuminate/Foundation/Console/Kernel.php(474): Illuminate/Foundation/Application->bootstrapWith()
#5 C:/Users/kings/Downloads/sbrai-app-backend-FIXED/vendor/laravel/framework/src/Illuminate/Foundation/Console/Kernel.php(196): Illuminate/Foundation/Console/Kernel->bootstrap()
#6 Command line code(1): Illuminate/Foundation/Console/Kernel->handle()
#7 {main}
"} 
[2026-07-20 19:36:13] laravel.ERROR: array_merge(): Argument #2 must be of type array, int given {"exception":"[object] (TypeError(code: 0): array_merge(): Argument #2 must be of type array, int given at C:/Users/kings/Downloads/sbrai-app-backend-FIXED/vendor/laravel/framework/src/Illuminate/Foundation/Bootstrap/LoadConfiguration.php:100)
[stacktrace]
#0 C:/Users/kings/Downloads/sbrai-app-backend-FIXED/vendor/laravel/framework/src/Illuminate/Foundation/Bootstrap/LoadConfiguration.php(100): array_merge()
#1 C:/Users/kings/Downloads/sbrai-app-backend-FIXED/vendor/laravel/framework/src/Illuminate/Foundation/Bootstrap/LoadConfiguration.php(78): Illuminate/Foundation/Bootstrap/LoadConfiguration->loadConfigurationFile()
#2 C:/Users/kings/Downloads/sbrai-app-backend-FIXED/vendor/laravel/framework/src/Illuminate/Foundation/Bootstrap/LoadConfiguration.php(39): Illuminate/Foundation/Bootstrap/LoadConfiguration->loadConfigurationFiles()
#3 C:/Users/kings/Downloads/sbrai-app-backend-FIXED/vendor/laravel/framework/src/Illuminate/Foundation/Application.php(342): Illuminate/Foundation/Bootstrap/LoadConfiguration->bootstrap()
#4 C:/Users/kings/Downloads/sbrai-app-backend-FIXED/vendor/laravel/framework/src/Illuminate/Foundation/Console/Kernel.php(474): Illuminate/Foundation/Application->bootstrapWith()
#5 C:/Users/kings/Downloads/sbrai-app-backend-FIXED/vendor/laravel/framework/src/Illuminate/Foundation/Console/Kernel.php(196): Illuminate/Foundation/Console/Kernel->bootstrap()
#6 Command line code(1): Illuminate/Foundation/Console/Kernel->handle()
#7 {main}
"} 
[2026-07-20 19:36:13] laravel.EMERGENCY: Unable to create configured logger. Using emergency logger. {"exception":"[object] (InvalidArgumentException(code: 0): Log [] is not defined. at C:/Users/kings/Downloads/sbrai-app-backend-FIXED/vendor/laravel/framework/src/Illuminate/Log/LogManager.php:232)
[stacktrace]
#0 C:/Users/kings/Downloads/sbrai-app-backend-FIXED/vendor/laravel/framework/src/Illuminate/Log/LogManager.php(139): Illuminate/Log/LogManager->resolve()
#1 C:/Users/kings/Downloads/sbrai-app-backend-FIXED/vendor/laravel/framework/src/Illuminate/Log/LogManager.php(126): Illuminate/Log/LogManager->get()
#2 C:/Users/kings/Downloads/sbrai-app-backend-FIXED/vendor/laravel/framework/src/Illuminate/Log/LogManager.php(701): Illuminate/Log/LogManager->driver()
#3 C:/Users/kings/Downloads/sbrai-app-backend-FIXED/vendor/laravel/framework/src/Illuminate/Foundation/Exceptions/Handler.php(380): Illuminate/Log/LogManager->error()
#4 C:/Users/kings/Downloads/sbrai-app-backend-FIXED/vendor/laravel/framework/src/Illuminate/Foundation/Exceptions/Handler.php(343): Illuminate/Foundation/Exceptions/Handler->reportThrowable()
#5 C:/Users/kings/Downloads/sbrai-app-backend-FIXED/vendor/laravel/framework/src/Illuminate/Foundation/Console/Kernel.php(621): Illuminate/Foundation/Exceptions/Handler->report()
#6 C:/Users/kings/Downloads/sbrai-app-backend-FIXED/vendor/laravel/framework/src/Illuminate/Foundation/Console/Kernel.php(200): Illuminate/Foundation/Console/Kernel->reportException()
#7 Command line code(1): Illuminate/Foundation/Console/Kernel->handle()
#8 {main}
"} 
[2026-07-20 19:36:13] laravel.ERROR: array_merge(): Argument #2 must be of type array, int given {"exception":"[object] (TypeError(code: 0): array_merge(): Argument #2 must be of type array, int given at C:/Users/kings/Downloads/sbrai-app-backend-FIXED/vendor/laravel/framework/src/Illuminate/Foundation/Bootstrap/LoadConfiguration.php:100)
[stacktrace]
#0 C:/Users/kings/Downloads/sbrai-app-backend-FIXED/vendor/laravel/framework/src/Illuminate/Foundation/Bootstrap/LoadConfiguration.php(100): array_merge()
#1 C:/Users/kings/Downloads/sbrai-app-backend-FIXED/vendor/laravel/framework/src/Illuminate/Foundation/Bootstrap/LoadConfiguration.php(78): Illuminate/Foundation/Bootstrap/LoadConfiguration->loadConfigurationFile()
#2 C:/Users/kings/Downloads/sbrai-app-backend-FIXED/vendor/laravel/framework/src/Illuminate/Foundation/Bootstrap/LoadConfiguration.php(39): Illuminate/Foundation/Bootstrap/LoadConfiguration->loadConfigurationFiles()
#3 C:/Users/kings/Downloads/sbrai-app-backend-FIXED/vendor/laravel/framework/src/Illuminate/Foundation/Application.php(342): Illuminate/Foundation/Bootstrap/LoadConfiguration->bootstrap()
#4 C:/Users/kings/Downloads/sbrai-app-backend-FIXED/vendor/laravel/framework/src/Illuminate/Foundation/Console/Kernel.php(474): Illuminate/Foundation/Application->bootstrapWith()
#5 C:/Users/kings/Downloads/sbrai-app-backend-FIXED/vendor/laravel/framework/src/Illuminate/Foundation/Console/Kernel.php(196): Illuminate/Foundation/Console/Kernel->bootstrap()
#6 Command line code(1): Illuminate/Foundation/Console/Kernel->handle()
#7 {main}
"} 
[2026-07-20 19:36:13] laravel.EMERGENCY: Unable to create configured logger. Using emergency logger. {"exception":"[object] (InvalidArgumentException(code: 0): Log [] is not defined. at C:/Users/kings/Downloads/sbrai-app-backend-FIXED/vendor/laravel/framework/src/Illuminate/Log/LogManager.php:232)
[stacktrace]
#0 C:/Users/kings/Downloads/sbrai-app-backend-FIXED/vendor/laravel/framework/src/Illuminate/Log/LogManager.php(139): Illuminate/Log/LogManager->resolve()
#1 C:/Users/kings/Downloads/sbrai-app-backend-FIXED/vendor/laravel/framework/src/Illuminate/Log/LogManager.php(126): Illuminate/Log/LogManager->get()
#2 C:/Users/kings/Downloads/sbrai-app-backend-FIXED/vendor/laravel/framework/src/Illuminate/Log/LogManager.php(701): Illuminate/Log/LogManager->driver()
#3 C:/Users/kings/Downloads/sbrai-app-backend-FIXED/vendor/laravel/framework/src/Illuminate/Foundation/Exceptions/Handler.php(380): Illuminate/Log/LogManager->error()
#4 C:/Users/kings/Downloads/sbrai-app-backend-FIXED/vendor/laravel/framework/src/Illuminate/Foundation/Exceptions/Handler.php(343): Illuminate/Foundation/Exceptions/Handler->reportThrowable()
#5 C:/Users/kings/Downloads/sbrai-app-backend-FIXED/vendor/laravel/framework/src/Illuminate/Foundation/Console/Kernel.php(621): Illuminate/Foundation/Exceptions/Handler->report()
#6 C:/Users/kings/Downloads/sbrai-app-backend-FIXED/vendor/laravel/framework/src/Illuminate/Foundation/Console/Kernel.php(200): Illuminate/Foundation/Console/Kernel->reportException()
#7 Command line code(1): Illuminate/Foundation/Console/Kernel->handle()
#8 {main}
"} 
[2026-07-20 19:36:13] laravel.ERROR: array_merge(): Argument #2 must be of type array, int given {"exception":"[object] (TypeError(code: 0): array_merge(): Argument #2 must be of type array, int given at C:/Users/kings/Downloads/sbrai-app-backend-FIXED/vendor/laravel/framework/src/Illuminate/Foundation/Bootstrap/LoadConfiguration.php:100)
[stacktrace]
#0 C:/Users/kings/Downloads/sbrai-app-backend-FIXED/vendor/laravel/framework/src/Illuminate/Foundation/Bootstrap/LoadConfiguration.php(100): array_merge()
#1 C:/Users/kings/Downloads/sbrai-app-backend-FIXED/vendor/laravel/framework/src/Illuminate/Foundation/Bootstrap/LoadConfiguration.php(78): Illuminate/Foundation/Bootstrap/LoadConfiguration->loadConfigurationFile()
#2 C:/Users/kings/Downloads/sbrai-app-backend-FIXED/vendor/laravel/framework/src/Illuminate/Foundation/Bootstrap/LoadConfiguration.php(39): Illuminate/Foundation/Bootstrap/LoadConfiguration->loadConfigurationFiles()
#3 C:/Users/kings/Downloads/sbrai-app-backend-FIXED/vendor/laravel/framework/src/Illuminate/Foundation/Application.php(342): Illuminate/Foundation/Bootstrap/LoadConfiguration->bootstrap()
#4 C:/Users/kings/Downloads/sbrai-app-backend-FIXED/vendor/laravel/framework/src/Illuminate/Foundation/Console/Kernel.php(474): Illuminate/Foundation/Application->bootstrapWith()
#5 C:/Users/kings/Downloads/sbrai-app-backend-FIXED/vendor/laravel/framework/src/Illuminate/Foundation/Console/Kernel.php(196): Illuminate/Foundation/Console/Kernel->bootstrap()
#6 Command line code(1): Illuminate/Foundation/Console/Kernel->handle()
#7 {main}
"} 
[2026-07-20 19:36:14] laravel.EMERGENCY: Unable to create configured logger. Using emergency logger. {"exception":"[object] (InvalidArgumentException(code: 0): Log [] is not defined. at C:/Users/kings/Downloads/sbrai-app-backend-FIXED/vendor/laravel/framework/src/Illuminate/Log/LogManager.php:232)
[stacktrace]
#0 C:/Users/kings/Downloads/sbrai-app-backend-FIXED/vendor/laravel/framework/src/Illuminate/Log/LogManager.php(139): Illuminate/Log/LogManager->resolve()
#1 C:/Users/kings/Downloads/sbrai-app-backend-FIXED/vendor/laravel/framework/src/Illuminate/Log/LogManager.php(126): Illuminate/Log/LogManager->get()
#2 C:/Users/kings/Downloads/sbrai-app-backend-FIXED/vendor/laravel/framework/src/Illuminate/Log/LogManager.php(701): Illuminate/Log/LogManager->driver()
#3 C:/Users/kings/Downloads/sbrai-app-backend-FIXED/vendor/laravel/framework/src/Illuminate/Foundation/Exceptions/Handler.php(380): Illuminate/Log/LogManager->error()
#4 C:/Users/kings/Downloads/sbrai-app-backend-FIXED/vendor/laravel/framework/src/Illuminate/Foundation/Exceptions/Handler.php(343): Illuminate/Foundation/Exceptions/Handler->reportThrowable()
#5 C:/Users/kings/Downloads/sbrai-app-backend-FIXED/vendor/laravel/framework/src/Illuminate/Foundation/Console/Kernel.php(621): Illuminate/Foundation/Exceptions/Handler->report()
#6 C:/Users/kings/Downloads/sbrai-app-backend-FIXED/vendor/laravel/framework/src/Illuminate/Foundation/Console/Kernel.php(200): Illuminate/Foundation/Console/Kernel->reportException()
#7 Command line code(1): Illuminate/Foundation/Console/Kernel->handle()
#8 {main}
"} 
[2026-07-20 19:36:14] laravel.ERROR: array_merge(): Argument #2 must be of type array, int given {"exception":"[object] (TypeError(code: 0): array_merge(): Argument #2 must be of type array, int given at C:/Users/kings/Downloads/sbrai-app-backend-FIXED/vendor/laravel/framework/src/Illuminate/Foundation/Bootstrap/LoadConfiguration.php:100)
[stacktrace]
#0 C:/Users/kings/Downloads/sbrai-app-backend-FIXED/vendor/laravel/framework/src/Illuminate/Foundation/Bootstrap/LoadConfiguration.php(100): array_merge()
#1 C:/Users/kings/Downloads/sbrai-app-backend-FIXED/vendor/laravel/framework/src/Illuminate/Foundation/Bootstrap/LoadConfiguration.php(78): Illuminate/Foundation/Bootstrap/LoadConfiguration->loadConfigurationFile()
#2 C:/Users/kings/Downloads/sbrai-app-backend-FIXED/vendor/laravel/framework/src/Illuminate/Foundation/Bootstrap/LoadConfiguration.php(39): Illuminate/Foundation/Bootstrap/LoadConfiguration->loadConfigurationFiles()
#3 C:/Users/kings/Downloads/sbrai-app-backend-FIXED/vendor/laravel/framework/src/Illuminate/Foundation/Application.php(342): Illuminate/Foundation/Bootstrap/LoadConfiguration->bootstrap()
#4 C:/Users/kings/Downloads/sbrai-app-backend-FIXED/vendor/laravel/framework/src/Illuminate/Foundation/Console/Kernel.php(474): Illuminate/Foundation/Application->bootstrapWith()
#5 C:/Users/kings/Downloads/sbrai-app-backend-FIXED/vendor/laravel/framework/src/Illuminate/Foundation/Console/Kernel.php(196): Illuminate/Foundation/Console/Kernel->bootstrap()
#6 Command line code(1): Illuminate/Foundation/Console/Kernel->handle()
#7 {main}
"} 
[2026-07-20 19:36:15] laravel.EMERGENCY: Unable to create configured logger. Using emergency logger. {"exception":"[object] (InvalidArgumentException(code: 0): Log [] is not defined. at C:/Users/kings/Downloads/sbrai-app-backend-FIXED/vendor/laravel/framework/src/Illuminate/Log/LogManager.php:232)
[stacktrace]
#0 C:/Users/kings/Downloads/sbrai-app-backend-FIXED/vendor/laravel/framework/src/Illuminate/Log/LogManager.php(139): Illuminate/Log/LogManager->resolve()
#1 C:/Users/kings/Downloads/sbrai-app-backend-FIXED/vendor/laravel/framework/src/Illuminate/Log/LogManager.php(126): Illuminate/Log/LogManager->get()
#2 C:/Users/kings/Downloads/sbrai-app-backend-FIXED/vendor/laravel/framework/src/Illuminate/Log/LogManager.php(701): Illuminate/Log/LogManager->driver()
#3 C:/Users/kings/Downloads/sbrai-app-backend-FIXED/vendor/laravel/framework/src/Illuminate/Foundation/Exceptions/Handler.php(380): Illuminate/Log/LogManager->error()
#4 C:/Users/kings/Downloads/sbrai-app-backend-FIXED/vendor/laravel/framework/src/Illuminate/Foundation/Exceptions/Handler.php(343): Illuminate/Foundation/Exceptions/Handler->reportThrowable()
#5 C:/Users/kings/Downloads/sbrai-app-backend-FIXED/vendor/laravel/framework/src/Illuminate/Foundation/Console/Kernel.php(621): Illuminate/Foundation/Exceptions/Handler->report()
#6 C:/Users/kings/Downloads/sbrai-app-backend-FIXED/vendor/laravel/framework/src/Illuminate/Foundation/Console/Kernel.php(200): Illuminate/Foundation/Console/Kernel->reportException()
#7 Command line code(1): Illuminate/Foundation/Console/Kernel->handle()
#8 {main}
"} 
[2026-07-20 19:36:15] laravel.ERROR: array_merge(): Argument #2 must be of type array, int given {"exception":"[object] (TypeError(code: 0): array_merge(): Argument #2 must be of type array, int given at C:/Users/kings/Downloads/sbrai-app-backend-FIXED/vendor/laravel/framework/src/Illuminate/Foundation/Bootstrap/LoadConfiguration.php:100)
[stacktrace]
#0 C:/Users/kings/Downloads/sbrai-app-backend-FIXED/vendor/laravel/framework/src/Illuminate/Foundation/Bootstrap/LoadConfiguration.php(100): array_merge()
#1 C:/Users/kings/Downloads/sbrai-app-backend-FIXED/vendor/laravel/framework/src/Illuminate/Foundation/Bootstrap/LoadConfiguration.php(78): Illuminate/Foundation/Bootstrap/LoadConfiguration->loadConfigurationFile()
#2 C:/Users/kings/Downloads/sbrai-app-backend-FIXED/vendor/laravel/framework/src/Illuminate/Foundation/Bootstrap/LoadConfiguration.php(39): Illuminate/Foundation/Bootstrap/LoadConfiguration->loadConfigurationFiles()
#3 C:/Users/kings/Downloads/sbrai-app-backend-FIXED/vendor/laravel/framework/src/Illuminate/Foundation/Application.php(342): Illuminate/Foundation/Bootstrap/LoadConfiguration->bootstrap()
#4 C:/Users/kings/Downloads/sbrai-app-backend-FIXED/vendor/laravel/framework/src/Illuminate/Foundation/Console/Kernel.php(474): Illuminate/Foundation/Application->bootstrapWith()
#5 C:/Users/kings/Downloads/sbrai-app-backend-FIXED/vendor/laravel/framework/src/Illuminate/Foundation/Console/Kernel.php(196): Illuminate/Foundation/Console/Kernel->bootstrap()
#6 Command line code(1): Illuminate/Foundation/Console/Kernel->handle()
#7 {main}
"} 
[2026-07-20 19:36:16] laravel.EMERGENCY: Unable to create configured logger. Using emergency logger. {"exception":"[object] (InvalidArgumentException(code: 0): Log [] is not defined. at C:/Users/kings/Downloads/sbrai-app-backend-FIXED/vendor/laravel/framework/src/Illuminate/Log/LogManager.php:232)
[stacktrace]
#0 C:/Users/kings/Downloads/sbrai-app-backend-FIXED/vendor/laravel/framework/src/Illuminate/Log/LogManager.php(139): Illuminate/Log/LogManager->resolve()
#1 C:/Users/kings/Downloads/sbrai-app-backend-FIXED/vendor/laravel/framework/src/Illuminate/Log/LogManager.php(126): Illuminate/Log/LogManager->get()
#2 C:/Users/kings/Downloads/sbrai-app-backend-FIXED/vendor/laravel/framework/src/Illuminate/Log/LogManager.php(701): Illuminate/Log/LogManager->driver()
#3 C:/Users/kings/Downloads/sbrai-app-backend-FIXED/vendor/laravel/framework/src/Illuminate/Foundation/Exceptions/Handler.php(380): Illuminate/Log/LogManager->error()
#4 C:/Users/kings/Downloads/sbrai-app-backend-FIXED/vendor/laravel/framework/src/Illuminate/Foundation/Exceptions/Handler.php(343): Illuminate/Foundation/Exceptions/Handler->reportThrowable()
#5 C:/Users/kings/Downloads/sbrai-app-backend-FIXED/vendor/laravel/framework/src/Illuminate/Foundation/Console/Kernel.php(621): Illuminate/Foundation/Exceptions/Handler->report()
#6 C:/Users/kings/Downloads/sbrai-app-backend-FIXED/vendor/laravel/framework/src/Illuminate/Foundation/Console/Kernel.php(200): Illuminate/Foundation/Console/Kernel->reportException()
#7 Command line code(1): Illuminate/Foundation/Console/Kernel->handle()
#8 {main}
"} 
[2026-07-20 19:36:16] laravel.ERROR: array_merge(): Argument #2 must be of type array, int given {"exception":"[object] (TypeError(code: 0): array_merge(): Argument #2 must be of type array, int given at C:/Users/kings/Downloads/sbrai-app-backend-FIXED/vendor/laravel/framework/src/Illuminate/Foundation/Bootstrap/LoadConfiguration.php:100)
[stacktrace]
#0 C:/Users/kings/Downloads/sbrai-app-backend-FIXED/vendor/laravel/framework/src/Illuminate/Foundation/Bootstrap/LoadConfiguration.php(100): array_merge()
#1 C:/Users/kings/Downloads/sbrai-app-backend-FIXED/vendor/laravel/framework/src/Illuminate/Foundation/Bootstrap/LoadConfiguration.php(78): Illuminate/Foundation/Bootstrap/LoadConfiguration->loadConfigurationFile()
#2 C:/Users/kings/Downloads/sbrai-app-backend-FIXED/vendor/laravel/framework/src/Illuminate/Foundation/Bootstrap/LoadConfiguration.php(39): Illuminate/Foundation/Bootstrap/LoadConfiguration->loadConfigurationFiles()
#3 C:/Users/kings/Downloads/sbrai-app-backend-FIXED/vendor/laravel/framework/src/Illuminate/Foundation/Application.php(342): Illuminate/Foundation/Bootstrap/LoadConfiguration->bootstrap()
#4 C:/Users/kings/Downloads/sbrai-app-backend-FIXED/vendor/laravel/framework/src/Illuminate/Foundation/Console/Kernel.php(474): Illuminate/Foundation/Application->bootstrapWith()
#5 C:/Users/kings/Downloads/sbrai-app-backend-FIXED/vendor/laravel/framework/src/Illuminate/Foundation/Console/Kernel.php(196): Illuminate/Foundation/Console/Kernel->bootstrap()
#6 Command line code(1): Illuminate/Foundation/Console/Kernel->handle()
#7 {main}
"} 
[2026-07-20 19:36:16] laravel.EMERGENCY: Unable to create configured logger. Using emergency logger. {"exception":"[object] (InvalidArgumentException(code: 0): Log [] is not defined. at C:/Users/kings/Downloads/sbrai-app-backend-FIXED/vendor/laravel/framework/src/Illuminate/Log/LogManager.php:232)
[stacktrace]
#0 C:/Users/kings/Downloads/sbrai-app-backend-FIXED/vendor/laravel/framework/src/Illuminate/Log/LogManager.php(139): Illuminate/Log/LogManager->resolve()
#1 C:/Users/kings/Downloads/sbrai-app-backend-FIXED/vendor/laravel/framework/src/Illuminate/Log/LogManager.php(126): Illuminate/Log/LogManager->get()
#2 C:/Users/kings/Downloads/sbrai-app-backend-FIXED/vendor/laravel/framework/src/Illuminate/Log/LogManager.php(701): Illuminate/Log/LogManager->driver()
#3 C:/Users/kings/Downloads/sbrai-app-backend-FIXED/vendor/laravel/framework/src/Illuminate/Foundation/Exceptions/Handler.php(380): Illuminate/Log/LogManager->error()
#4 C:/Users/kings/Downloads/sbrai-app-backend-FIXED/vendor/laravel/framework/src/Illuminate/Foundation/Exceptions/Handler.php(343): Illuminate/Foundation/Exceptions/Handler->reportThrowable()
#5 C:/Users/kings/Downloads/sbrai-app-backend-FIXED/vendor/laravel/framework/src/Illuminate/Foundation/Console/Kernel.php(621): Illuminate/Foundation/Exceptions/Handler->report()
#6 C:/Users/kings/Downloads/sbrai-app-backend-FIXED/vendor/laravel/framework/src/Illuminate/Foundation/Console/Kernel.php(200): Illuminate/Foundation/Console/Kernel->reportException()
#7 Command line code(1): Illuminate/Foundation/Console/Kernel->handle()
#8 {main}
"} 
[2026-07-20 19:36:16] laravel.ERROR: array_merge(): Argument #2 must be of type array, int given {"exception":"[object] (TypeError(code: 0): array_merge(): Argument #2 must be of type array, int given at C:/Users/kings/Downloads/sbrai-app-backend-FIXED/vendor/laravel/framework/src/Illuminate/Foundation/Bootstrap/LoadConfiguration.php:100)
[stacktrace]
#0 C:/Users/kings/Downloads/sbrai-app-backend-FIXED/vendor/laravel/framework/src/Illuminate/Foundation/Bootstrap/LoadConfiguration.php(100): array_merge()
#1 C:/Users/kings/Downloads/sbrai-app-backend-FIXED/vendor/laravel/framework/src/Illuminate/Foundation/Bootstrap/LoadConfiguration.php(78): Illuminate/Foundation/Bootstrap/LoadConfiguration->loadConfigurationFile()
#2 C:/Users/kings/Downloads/sbrai-app-backend-FIXED/vendor/laravel/framework/src/Illuminate/Foundation/Bootstrap/LoadConfiguration.php(39): Illuminate/Foundation/Bootstrap/LoadConfiguration->loadConfigurationFiles()
#3 C:/Users/kings/Downloads/sbrai-app-backend-FIXED/vendor/laravel/framework/src/Illuminate/Foundation/Application.php(342): Illuminate/Foundation/Bootstrap/LoadConfiguration->bootstrap()
#4 C:/Users/kings/Downloads/sbrai-app-backend-FIXED/vendor/laravel/framework/src/Illuminate/Foundation/Console/Kernel.php(474): Illuminate/Foundation/Application->bootstrapWith()
#5 C:/Users/kings/Downloads/sbrai-app-backend-FIXED/vendor/laravel/framework/src/Illuminate/Foundation/Console/Kernel.php(196): Illuminate/Foundation/Console/Kernel->bootstrap()
#6 Command line code(1): Illuminate/Foundation/Console/Kernel->handle()
#7 {main}
"} 
[2026-07-20 20:16:55] local.ERROR: SQLSTATE[HY000]: General error: 1 unknown function: UUID() (Connection: sqlite, SQL: insert into "transactions" ("type", "amount", "description", "balance", "user_id", "updated_at", "created_at") values (credit, 5000, Welcome bonus - Sign up voucher, 5000, a24e7571-58ba-4d47-8ff3-0b6f96a3652e, 2026-07-20 20:16:55, 2026-07-20 20:16:55)) {"exception":"[object] (Illuminate\\Database\\QueryException(code: HY000): SQLSTATE[HY000]: General error: 1 unknown function: UUID() (Connection: sqlite, SQL: insert into \"transactions\" (\"type\", \"amount\", \"description\", \"balance\", \"user_id\", \"updated_at\", \"created_at\") values (credit, 5000, Welcome bonus - Sign up voucher, 5000, a24e7571-58ba-4d47-8ff3-0b6f96a3652e, 2026-07-20 20:16:55, 2026-07-20 20:16:55)) at C:/Users/kings/Downloads/sbrai-app-backend-FIXED/vendor/laravel/framework/src/Illuminate/Database/Connection.php:825)
[stacktrace]
#0 C:/Users/kings/Downloads/sbrai-app-backend-FIXED/vendor/laravel/framework/src/Illuminate/Database/Connection.php(779): Illuminate/Database/Connection->runQueryCallback()
#1 C:/Users/kings/Downloads/sbrai-app-backend-FIXED/vendor/laravel/framework/src/Illuminate/Database/Connection.php(560): Illuminate/Database/Connection->run()
#2 C:/Users/kings/Downloads/sbrai-app-backend-FIXED/vendor/laravel/framework/src/Illuminate/Database/Connection.php(524): Illuminate/Database/Connection->statement()
#3 C:/Users/kings/Downloads/sbrai-app-backend-FIXED/vendor/laravel/framework/src/Illuminate/Database/Query/Processors/Processor.php(32): Illuminate/Database/Connection->insert()
#4 C:/Users/kings/Downloads/sbrai-app-backend-FIXED/vendor/laravel/framework/src/Illuminate/Database/Query/Builder.php(3766): Illuminate/Database/Query/Processors/Processor->processInsertGetId()
#5 C:/Users/kings/Downloads/sbrai-app-backend-FIXED/vendor/laravel/framework/src/Illuminate/Database/Eloquent/Builder.php(2120): Illuminate/Database/Query/Builder->insertGetId()
#6 C:/Users/kings/Downloads/sbrai-app-backend-FIXED/vendor/laravel/framework/src/Illuminate/Database/Eloquent/Model.php(1359): Illuminate/Database/Eloquent/Builder->__call()
#7 C:/Users/kings/Downloads/sbrai-app-backend-FIXED/vendor/laravel/framework/src/Illuminate/Database/Eloquent/Model.php(1324): Illuminate/Database/Eloquent/Model->insertAndSetId()
#8 C:/Users/kings/Downloads/sbrai-app-backend-FIXED/vendor/laravel/framework/src/Illuminate/Database/Eloquent/Model.php(1163): Illuminate/Database/Eloquent/Model->performInsert()
#9 C:/Users/kings/Downloads/sbrai-app-backend-FIXED/vendor/laravel/framework/src/Illuminate/Database/Eloquent/Relations/HasOneOrMany.php(371): Illuminate/Database/Eloquent/Model->save()
#10 C:/Users/kings/Downloads/sbrai-app-backend-FIXED/vendor/laravel/framework/src/Illuminate/Support/helpers.php(399): Illuminate/Database/Eloquent/Relations/HasOneOrMany->{closure:Illuminate/Database/Eloquent/Relations/HasOneOrMany::create():368}()
#11 C:/Users/kings/Downloads/sbrai-app-backend-FIXED/vendor/laravel/framework/src/Illuminate/Database/Eloquent/Relations/HasOneOrMany.php(368): tap()
#12 C:/Users/kings/Downloads/sbrai-app-backend-FIXED/app/Http/Controllers/Api/AuthController.php(56): Illuminate/Database/Eloquent/Relations/HasOneOrMany->create()
#13 C:/Users/kings/Downloads/sbrai-app-backend-FIXED/vendor/laravel/framework/src/Illuminate/Routing/Controller.php(54): App/Http/Controllers/Api/AuthController->register()
#14 C:/Users/kings/Downloads/sbrai-app-backend-FIXED/vendor/laravel/framework/src/Illuminate/Routing/ControllerDispatcher.php(44): Illuminate/Routing/Controller->callAction()
#15 C:/Users/kings/Downloads/sbrai-app-backend-FIXED/vendor/laravel/framework/src/Illuminate/Routing/Route.php(266): Illuminate/Routing/ControllerDispatcher->dispatch()
#16 C:/Users/kings/Downloads/sbrai-app-backend-FIXED/vendor/laravel/framework/src/Illuminate/Routing/Route.php(212): Illuminate/Routing/Route->runController()
#17 C:/Users/kings/Downloads/sbrai-app-backend-FIXED/vendor/laravel/framework/src/Illuminate/Routing/Router.php(808): Illuminate/Routing/Route->run()
#18 C:/Users/kings/Downloads/sbrai-app-backend-FIXED/vendor/laravel/framework/src/Illuminate/Pipeline/Pipeline.php(170): Illuminate/Routing/Router->{closure:Illuminate/Routing/Router::runRouteWithinStack():807}()
#19 C:/Users/kings/Downloads/sbrai-app-backend-FIXED/vendor/laravel/framework/src/Illuminate/Routing/Middleware/SubstituteBindings.php(51): Illuminate/Pipeline/Pipeline->{closure:Illuminate/Pipeline/Pipeline::prepareDestination():168}()
#20 C:/Users/kings/Downloads/sbrai-app-backend-FIXED/vendor/laravel/framework/src/Illuminate/Pipeline/Pipeline.php(209): Illuminate/Routing/Middleware/SubstituteBindings->handle()
#21 C:/Users/kings/Downloads/sbrai-app-backend-FIXED/vendor/laravel/framework/src/Illuminate/Pipeline/Pipeline.php(127): Illuminate/Pipeline/Pipeline->{closure:{closure:Illuminate/Pipeline/Pipeline::carry():184}:185}()
#22 C:/Users/kings/Downloads/sbrai-app-backend-FIXED/vendor/laravel/framework/src/Illuminate/Routing/Router.php(807): Illuminate/Pipeline/Pipeline->then()
#23 C:/Users/kings/Downloads/sbrai-app-backend-FIXED/vendor/laravel/framework/src/Illuminate/Routing/Router.php(786): Illuminate/Routing/Router->runRouteWithinStack()
#24 C:/Users/kings/Downloads/sbrai-app-backend-FIXED/vendor/laravel/framework/src/Illuminate/Routing/Router.php(750): Illuminate/Routing/Router->runRoute()
#25 C:/Users/kings/Downloads/sbrai-app-backend-FIXED/vendor/laravel/framework/src/Illuminate/Routing/Router.php(739): Illuminate/Routing/Router->dispatchToRoute()
#26 C:/Users/kings/Downloads/sbrai-app-backend-FIXED/vendor/laravel/framework/src/Illuminate/Foundation/Http/Kernel.php(201): Illuminate/Routing/Router->dispatch()
#27 C:/Users/kings/Downloads/sbrai-app-backend-FIXED/vendor/laravel/framework/src/Illuminate/Pipeline/Pipeline.php(170): Illuminate/Foundation/Http/Kernel->{closure:Illuminate/Foundation/Http/Kernel::dispatchToRouter():198}()
#28 C:/Users/kings/Downloads/sbrai-app-backend-FIXED/vendor/laravel/framework/src/Illuminate/Foundation/Http/Middleware/TransformsRequest.php(21): Illuminate/Pipeline/Pipeline->{closure:Illuminate/Pipeline/Pipeline::prepareDestination():168}()
#29 C:/Users/kings/Downloads/sbrai-app-backend-FIXED/vendor/laravel/framework/src/Illuminate/Foundation/Http/Middleware/ConvertEmptyStringsToNull.php(31): Illuminate/Foundation/Http/Middleware/TransformsRequest->handle()
#30 C:/Users/kings/Downloads/sbrai-app-backend-FIXED/vendor/laravel/framework/src/Illuminate/Pipeline/Pipeline.php(209): Illuminate/Foundation/Http/Middleware/ConvertEmptyStringsToNull->handle()
#31 C:/Users/kings/Downloads/sbrai-app-backend-FIXED/vendor/laravel/framework/src/Illuminate/Foundation/Http/Middleware/TransformsRequest.php(21): Illuminate/Pipeline/Pipeline->{closure:{closure:Illuminate/Pipeline/Pipeline::carry():184}:185}()
#32 C:/Users/kings/Downloads/sbrai-app-backend-FIXED/vendor/laravel/framework/src/Illuminate/Foundation/Http/Middleware/TrimStrings.php(51): Illuminate/Foundation/Http/Middleware/TransformsRequest->handle()
#33 C:/Users/kings/Downloads/sbrai-app-backend-FIXED/vendor/laravel/framework/src/Illuminate/Pipeline/Pipeline.php(209): Illuminate/Foundation/Http/Middleware/TrimStrings->handle()
#34 C:/Users/kings/Downloads/sbrai-app-backend-FIXED/vendor/laravel/framework/src/Illuminate/Http/Middleware/ValidatePostSize.php(27): Illuminate/Pipeline/Pipeline->{closure:{closure:Illuminate/Pipeline/Pipeline::carry():184}:185}()
#35 C:/Users/kings/Downloads/sbrai-app-backend-FIXED/vendor/laravel/framework/src/Illuminate/Pipeline/Pipeline.php(209): Illuminate/Http/Middleware/ValidatePostSize->handle()
#36 C:/Users/kings/Downloads/sbrai-app-backend-FIXED/vendor/laravel/framework/src/Illuminate/Foundation/Http/Middleware/PreventRequestsDuringMaintenance.php(110): Illuminate/Pipeline/Pipeline->{closure:{closure:Illuminate/Pipeline/Pipeline::carry():184}:185}()
#37 C:/Users/kings/Downloads/sbrai-app-backend-FIXED/vendor/laravel/framework/src/Illuminate/Pipeline/Pipeline.php(209): Illuminate/Foundation/Http/Middleware/PreventRequestsDuringMaintenance->handle()
#38 C:/Users/kings/Downloads/sbrai-app-backend-FIXED/vendor/laravel/framework/src/Illuminate/Http/Middleware/TrustProxies.php(58): Illuminate/Pipeline/Pipeline->{closure:{closure:Illuminate/Pipeline/Pipeline::carry():184}:185}()
#39 C:/Users/kings/Downloads/sbrai-app-backend-FIXED/vendor/laravel/framework/src/Illuminate/Pipeline/Pipeline.php(209): Illuminate/Http/Middleware/TrustProxies->handle()
#40 C:/Users/kings/Downloads/sbrai-app-backend-FIXED/vendor/laravel/framework/src/Illuminate/Foundation/Http/Middleware/InvokeDeferredCallbacks.php(22): Illuminate/Pipeline/Pipeline->{closure:{closure:Illuminate/Pipeline/Pipeline::carry():184}:185}()
#41 C:/Users/kings/Downloads/sbrai-app-backend-FIXED/vendor/laravel/framework/src/Illuminate/Pipeline/Pipeline.php(209): Illuminate/Foundation/Http/Middleware/InvokeDeferredCallbacks->handle()
#42 C:/Users/kings/Downloads/sbrai-app-backend-FIXED/vendor/laravel/framework/src/Illuminate/Http/Middleware/HandleCors.php(62): Illuminate/Pipeline/Pipeline->{closure:{closure:Illuminate/Pipeline/Pipeline::carry():184}:185}()
#43 C:/Users/kings/Downloads/sbrai-app-backend-FIXED/vendor/laravel/framework/src/Illuminate/Pipeline/Pipeline.php(209): Illuminate/Http/Middleware/HandleCors->handle()
#44 C:/Users/kings/Downloads/sbrai-app-backend-FIXED/vendor/laravel/framework/src/Illuminate/Pipeline/Pipeline.php(127): Illuminate/Pipeline/Pipeline->{closure:{closure:Illuminate/Pipeline/Pipeline::carry():184}:185}()
#45 C:/Users/kings/Downloads/sbrai-app-backend-FIXED/vendor/laravel/framework/src/Illuminate/Foundation/Http/Kernel.php(176): Illuminate/Pipeline/Pipeline->then()
#46 C:/Users/kings/Downloads/sbrai-app-backend-FIXED/vendor/laravel/framework/src/Illuminate/Foundation/Http/Kernel.php(145): Illuminate/Foundation/Http/Kernel->sendRequestThroughRouter()
#47 C:/Users/kings/Downloads/sbrai-app-backend-FIXED/vendor/laravel/framework/src/Illuminate/Foundation/Application.php(1220): Illuminate/Foundation/Http/Kernel->handle()
#48 C:/Users/kings/Downloads/sbrai-app-backend-FIXED/public/index.php(17): Illuminate/Foundation/Application->handleRequest()
#49 C:/Users/kings/Downloads/sbrai-app-backend-FIXED/vendor/laravel/framework/src/Illuminate/Foundation/resources/server.php(23): require_once('...')
#50 {main}

[previous exception] [object] (PDOException(code: HY000): SQLSTATE[HY000]: General error: 1 unknown function: UUID() at C:/Users/kings/Downloads/sbrai-app-backend-FIXED/vendor/laravel/framework/src/Illuminate/Database/Connection.php:565)
[stacktrace]
#0 C:/Users/kings/Downloads/sbrai-app-backend-FIXED/vendor/laravel/framework/src/Illuminate/Database/Connection.php(565): PDO->prepare()
#1 C:/Users/kings/Downloads/sbrai-app-backend-FIXED/vendor/laravel/framework/src/Illuminate/Database/Connection.php(812): Illuminate/Database/Connection->{closure:Illuminate/Database/Connection::statement():560}()
#2 C:/Users/kings/Downloads/sbrai-app-backend-FIXED/vendor/laravel/framework/src/Illuminate/Database/Connection.php(779): Illuminate/Database/Connection->runQueryCallback()
#3 C:/Users/kings/Downloads/sbrai-app-backend-FIXED/vendor/laravel/framework/src/Illuminate/Database/Connection.php(560): Illuminate/Database/Connection->run()
#4 C:/Users/kings/Downloads/sbrai-app-backend-FIXED/vendor/laravel/framework/src/Illuminate/Database/Connection.php(524): Illuminate/Database/Connection->statement()
#5 C:/Users/kings/Downloads/sbrai-app-backend-FIXED/vendor/laravel/framework/src/Illuminate/Database/Query/Processors/Processor.php(32): Illuminate/Database/Connection->insert()
#6 C:/Users/kings/Downloads/sbrai-app-backend-FIXED/vendor/laravel/framework/src/Illuminate/Database/Query/Builder.php(3766): Illuminate/Database/Query/Processors/Processor->processInsertGetId()
#7 C:/Users/kings/Downloads/sbrai-app-backend-FIXED/vendor/laravel/framework/src/Illuminate/Database/Eloquent/Builder.php(2120): Illuminate/Database/Query/Builder->insertGetId()
#8 C:/Users/kings/Downloads/sbrai-app-backend-FIXED/vendor/laravel/framework/src/Illuminate/Database/Eloquent/Model.php(1359): Illuminate/Database/Eloquent/Builder->__call()
#9 C:/Users/kings/Downloads/sbrai-app-backend-FIXED/vendor/laravel/framework/src/Illuminate/Database/Eloquent/Model.php(1324): Illuminate/Database/Eloquent/Model->insertAndSetId()
#10 C:/Users/kings/Downloads/sbrai-app-backend-FIXED/vendor/laravel/framework/src/Illuminate/Database/Eloquent/Model.php(1163): Illuminate/Database/Eloquent/Model->performInsert()
#11 C:/Users/kings/Downloads/sbrai-app-backend-FIXED/vendor/laravel/framework/src/Illuminate/Database/Eloquent/Relations/HasOneOrMany.php(371): Illuminate/Database/Eloquent/Model->save()
#12 C:/Users/kings/Downloads/sbrai-app-backend-FIXED/vendor/laravel/framework/src/Illuminate/Support/helpers.php(399): Illuminate/Database/Eloquent/Relations/HasOneOrMany->{closure:Illuminate/Database/Eloquent/Relations/HasOneOrMany::create():368}()
#13 C:/Users/kings/Downloads/sbrai-app-backend-FIXED/vendor/laravel/framework/src/Illuminate/Database/Eloquent/Relations/HasOneOrMany.php(368): tap()
#14 C:/Users/kings/Downloads/sbrai-app-backend-FIXED/app/Http/Controllers/Api/AuthController.php(56): Illuminate/Database/Eloquent/Relations/HasOneOrMany->create()
#15 C:/Users/kings/Downloads/sbrai-app-backend-FIXED/vendor/laravel/framework/src/Illuminate/Routing/Controller.php(54): App/Http/Controllers/Api/AuthController->register()
#16 C:/Users/kings/Downloads/sbrai-app-backend-FIXED/vendor/laravel/framework/src/Illuminate/Routing/ControllerDispatcher.php(44): Illuminate/Routing/Controller->callAction()
#17 C:/Users/kings/Downloads/sbrai-app-backend-FIXED/vendor/laravel/framework/src/Illuminate/Routing/Route.php(266): Illuminate/Routing/ControllerDispatcher->dispatch()
#18 C:/Users/kings/Downloads/sbrai-app-backend-FIXED/vendor/laravel/framework/src/Illuminate/Routing/Route.php(212): Illuminate/Routing/Route->runController()
#19 C:/Users/kings/Downloads/sbrai-app-backend-FIXED/vendor/laravel/framework/src/Illuminate/Routing/Router.php(808): Illuminate/Routing/Route->run()
#20 C:/Users/kings/Downloads/sbrai-app-backend-FIXED/vendor/laravel/framework/src/Illuminate/Pipeline/Pipeline.php(170): Illuminate/Routing/Router->{closure:Illuminate/Routing/Router::runRouteWithinStack():807}()
#21 C:/Users/kings/Downloads/sbrai-app-backend-FIXED/vendor/laravel/framework/src/Illuminate/Routing/Middleware/SubstituteBindings.php(51): Illuminate/Pipeline/Pipeline->{closure:Illuminate/Pipeline/Pipeline::prepareDestination():168}()
#22 C:/Users/kings/Downloads/sbrai-app-backend-FIXED/vendor/laravel/framework/src/Illuminate/Pipeline/Pipeline.php(209): Illuminate/Routing/Middleware/SubstituteBindings->handle()
#23 C:/Users/kings/Downloads/sbrai-app-backend-FIXED/vendor/laravel/framework/src/Illuminate/Pipeline/Pipeline.php(127): Illuminate/Pipeline/Pipeline->{closure:{closure:Illuminate/Pipeline/Pipeline::carry():184}:185}()
#24 C:/Users/kings/Downloads/sbrai-app-backend-FIXED/vendor/laravel/framework/src/Illuminate/Routing/Router.php(807): Illuminate/Pipeline/Pipeline->then()
#25 C:/Users/kings/Downloads/sbrai-app-backend-FIXED/vendor/laravel/framework/src/Illuminate/Routing/Router.php(786): Illuminate/Routing/Router->runRouteWithinStack()
#26 C:/Users/kings/Downloads/sbrai-app-backend-FIXED/vendor/laravel/framework/src/Illuminate/Routing/Router.php(750): Illuminate/Routing/Router->runRoute()
#27 C:/Users/kings/Downloads/sbrai-app-backend-FIXED/vendor/laravel/framework/src/Illuminate/Routing/Router.php(739): Illuminate/Routing/Router->dispatchToRoute()
#28 C:/Users/kings/Downloads/sbrai-app-backend-FIXED/vendor/laravel/framework/src/Illuminate/Foundation/Http/Kernel.php(201): Illuminate/Routing/Router->dispatch()
#29 C:/Users/kings/Downloads/sbrai-app-backend-FIXED/vendor/laravel/framework/src/Illuminate/Pipeline/Pipeline.php(170): Illuminate/Foundation/Http/Kernel->{closure:Illuminate/Foundation/Http/Kernel::dispatchToRouter():198}()
#30 C:/Users/kings/Downloads/sbrai-app-backend-FIXED/vendor/laravel/framework/src/Illuminate/Foundation/Http/Middleware/TransformsRequest.php(21): Illuminate/Pipeline/Pipeline->{closure:Illuminate/Pipeline/Pipeline::prepareDestination():168}()
#31 C:/Users/kings/Downloads/sbrai-app-backend-FIXED/vendor/laravel/framework/src/Illuminate/Foundation/Http/Middleware/ConvertEmptyStringsToNull.php(31): Illuminate/Foundation/Http/Middleware/TransformsRequest->handle()
#32 C:/Users/kings/Downloads/sbrai-app-backend-FIXED/vendor/laravel/framework/src/Illuminate/Pipeline/Pipeline.php(209): Illuminate/Foundation/Http/Middleware/ConvertEmptyStringsToNull->handle()
#33 C:/Users/kings/Downloads/sbrai-app-backend-FIXED/vendor/laravel/framework/src/Illuminate/Foundation/Http/Middleware/TransformsRequest.php(21): Illuminate/Pipeline/Pipeline->{closure:{closure:Illuminate/Pipeline/Pipeline::carry():184}:185}()
#34 C:/Users/kings/Downloads/sbrai-app-backend-FIXED/vendor/laravel/framework/src/Illuminate/Foundation/Http/Middleware/TrimStrings.php(51): Illuminate/Foundation/Http/Middleware/TransformsRequest->handle()
#35 C:/Users/kings/Downloads/sbrai-app-backend-FIXED/vendor/laravel/framework/src/Illuminate/Pipeline/Pipeline.php(209): Illuminate/Foundation/Http/Middleware/TrimStrings->handle()
#36 C:/Users/kings/Downloads/sbrai-app-backend-FIXED/vendor/laravel/framework/src/Illuminate/Http/Middleware/ValidatePostSize.php(27): Illuminate/Pipeline/Pipeline->{closure:{closure:Illuminate/Pipeline/Pipeline::carry():184}:185}()
#37 C:/Users/kings/Downloads/sbrai-app-backend-FIXED/vendor/laravel/framework/src/Illuminate/Pipeline/Pipeline.php(209): Illuminate/Http/Middleware/ValidatePostSize->handle()
#38 C:/Users/kings/Downloads/sbrai-app-backend-FIXED/vendor/laravel/framework/src/Illuminate/Foundation/Http/Middleware/PreventRequestsDuringMaintenance.php(110): Illuminate/Pipeline/Pipeline->{closure:{closure:Illuminate/Pipeline/Pipeline::carry():184}:185}()
#39 C:/Users/kings/Downloads/sbrai-app-backend-FIXED/vendor/laravel/framework/src/Illuminate/Pipeline/Pipeline.php(209): Illuminate/Foundation/Http/Middleware/PreventRequestsDuringMaintenance->handle()
#40 C:/Users/kings/Downloads/sbrai-app-backend-FIXED/vendor/laravel/framework/src/Illuminate/Http/Middleware/TrustProxies.php(58): Illuminate/Pipeline/Pipeline->{closure:{closure:Illuminate/Pipeline/Pipeline::carry():184}:185}()
#41 C:/Users/kings/Downloads/sbrai-app-backend-FIXED/vendor/laravel/framework/src/Illuminate/Pipeline/Pipeline.php(209): Illuminate/Http/Middleware/TrustProxies->handle()
#42 C:/Users/kings/Downloads/sbrai-app-backend-FIXED/vendor/laravel/framework/src/Illuminate/Foundation/Http/Middleware/InvokeDeferredCallbacks.php(22): Illuminate/Pipeline/Pipeline->{closure:{closure:Illuminate/Pipeline/Pipeline::carry():184}:185}()
#43 C:/Users/kings/Downloads/sbrai-app-backend-FIXED/vendor/laravel/framework/src/Illuminate/Pipeline/Pipeline.php(209): Illuminate/Foundation/Http/Middleware/InvokeDeferredCallbacks->handle()
#44 C:/Users/kings/Downloads/sbrai-app-backend-FIXED/vendor/laravel/framework/src/Illuminate/Http/Middleware/HandleCors.php(62): Illuminate/Pipeline/Pipeline->{closure:{closure:Illuminate/Pipeline/Pipeline::carry():184}:185}()
#45 C:/Users/kings/Downloads/sbrai-app-backend-FIXED/vendor/laravel/framework/src/Illuminate/Pipeline/Pipeline.php(209): Illuminate/Http/Middleware/HandleCors->handle()
#46 C:/Users/kings/Downloads/sbrai-app-backend-FIXED/vendor/laravel/framework/src/Illuminate/Pipeline/Pipeline.php(127): Illuminate/Pipeline/Pipeline->{closure:{closure:Illuminate/Pipeline/Pipeline::carry():184}:185}()
#47 C:/Users/kings/Downloads/sbrai-app-backend-FIXED/vendor/laravel/framework/src/Illuminate/Foundation/Http/Kernel.php(176): Illuminate/Pipeline/Pipeline->then()
#48 C:/Users/kings/Downloads/sbrai-app-backend-FIXED/vendor/laravel/framework/src/Illuminate/Foundation/Http/Kernel.php(145): Illuminate/Foundation/Http/Kernel->sendRequestThroughRouter()
#49 C:/Users/kings/Downloads/sbrai-app-backend-FIXED/vendor/laravel/framework/src/Illuminate/Foundation/Application.php(1220): Illuminate/Foundation/Http/Kernel->handle()
#50 C:/Users/kings/Downloads/sbrai-app-backend-FIXED/public/index.php(17): Illuminate/Foundation/Application->handleRequest()
#51 C:/Users/kings/Downloads/sbrai-app-backend-FIXED/vendor/laravel/framework/src/Illuminate/Foundation/resources/server.php(23): require_once('...')
#52 {main}
"} 
[2026-07-20 22:25:42] local.ERROR: Call to undefined method App\Models\User::tokens() {"exception":"[object] (BadMethodCallException(code: 0): Call to undefined method App\\Models\\User::tokens() at C:/Users/kings/Downloads/sbrai-app-backend-FIXED/vendor/laravel/framework/src/Illuminate/Support/Traits/ForwardsCalls.php:67)
[stacktrace]
#0 C:/Users/kings/Downloads/sbrai-app-backend-FIXED/vendor/laravel/framework/src/Illuminate/Support/Traits/ForwardsCalls.php(36): Illuminate/Database/Eloquent/Model::throwBadMethodCallException()
#1 C:/Users/kings/Downloads/sbrai-app-backend-FIXED/vendor/laravel/framework/src/Illuminate/Database/Eloquent/Model.php(2372): Illuminate/Database/Eloquent/Model->forwardCallTo()
#2 C:/Users/kings/Downloads/sbrai-app-backend-FIXED/app/Http/Controllers/Api/AuthController.php(94): Illuminate/Database/Eloquent/Model->__call()
#3 C:/Users/kings/Downloads/sbrai-app-backend-FIXED/vendor/laravel/framework/src/Illuminate/Routing/Controller.php(54): App/Http/Controllers/Api/AuthController->login()
#4 C:/Users/kings/Downloads/sbrai-app-backend-FIXED/vendor/laravel/framework/src/Illuminate/Routing/ControllerDispatcher.php(44): Illuminate/Routing/Controller->callAction()
#5 C:/Users/kings/Downloads/sbrai-app-backend-FIXED/vendor/laravel/framework/src/Illuminate/Routing/Route.php(266): Illuminate/Routing/ControllerDispatcher->dispatch()
#6 C:/Users/kings/Downloads/sbrai-app-backend-FIXED/vendor/laravel/framework/src/Illuminate/Routing/Route.php(212): Illuminate/Routing/Route->runController()
#7 C:/Users/kings/Downloads/sbrai-app-backend-FIXED/vendor/laravel/framework/src/Illuminate/Routing/Router.php(808): Illuminate/Routing/Route->run()
#8 C:/Users/kings/Downloads/sbrai-app-backend-FIXED/vendor/laravel/framework/src/Illuminate/Pipeline/Pipeline.php(170): Illuminate/Routing/Router->{closure:Illuminate/Routing/Router::runRouteWithinStack():807}()
#9 C:/Users/kings/Downloads/sbrai-app-backend-FIXED/vendor/laravel/framework/src/Illuminate/Routing/Middleware/SubstituteBindings.php(51): Illuminate/Pipeline/Pipeline->{closure:Illuminate/Pipeline/Pipeline::prepareDestination():168}()
#10 C:/Users/kings/Downloads/sbrai-app-backend-FIXED/vendor/laravel/framework/src/Illuminate/Pipeline/Pipeline.php(209): Illuminate/Routing/Middleware/SubstituteBindings->handle()
#11 C:/Users/kings/Downloads/sbrai-app-backend-FIXED/vendor/laravel/framework/src/Illuminate/Pipeline/Pipeline.php(127): Illuminate/Pipeline/Pipeline->{closure:{closure:Illuminate/Pipeline/Pipeline::carry():184}:185}()
#12 C:/Users/kings/Downloads/sbrai-app-backend-FIXED/vendor/laravel/framework/src/Illuminate/Routing/Router.php(807): Illuminate/Pipeline/Pipeline->then()
#13 C:/Users/kings/Downloads/sbrai-app-backend-FIXED/vendor/laravel/framework/src/Illuminate/Routing/Router.php(786): Illuminate/Routing/Router->runRouteWithinStack()
#14 C:/Users/kings/Downloads/sbrai-app-backend-FIXED/vendor/laravel/framework/src/Illuminate/Routing/Router.php(750): Illuminate/Routing/Router->runRoute()
#15 C:/Users/kings/Downloads/sbrai-app-backend-FIXED/vendor/laravel/framework/src/Illuminate/Routing/Router.php(739): Illuminate/Routing/Router->dispatchToRoute()
#16 C:/Users/kings/Downloads/sbrai-app-backend-FIXED/vendor/laravel/framework/src/Illuminate/Foundation/Http/Kernel.php(201): Illuminate/Routing/Router->dispatch()
#17 C:/Users/kings/Downloads/sbrai-app-backend-FIXED/vendor/laravel/framework/src/Illuminate/Pipeline/Pipeline.php(170): Illuminate/Foundation/Http/Kernel->{closure:Illuminate/Foundation/Http/Kernel::dispatchToRouter():198}()
#18 C:/Users/kings/Downloads/sbrai-app-backend-FIXED/vendor/laravel/framework/src/Illuminate/Foundation/Http/Middleware/TransformsRequest.php(21): Illuminate/Pipeline/Pipeline->{closure:Illuminate/Pipeline/Pipeline::prepareDestination():168}()
#19 C:/Users/kings/Downloads/sbrai-app-backend-FIXED/vendor/laravel/framework/src/Illuminate/Foundation/Http/Middleware/ConvertEmptyStringsToNull.php(31): Illuminate/Foundation/Http/Middleware/TransformsRequest->handle()
#20 C:/Users/kings/Downloads/sbrai-app-backend-FIXED/vendor/laravel/framework/src/Illuminate/Pipeline/Pipeline.php(209): Illuminate/Foundation/Http/Middleware/ConvertEmptyStringsToNull->handle()
#21 C:/Users/kings/Downloads/sbrai-app-backend-FIXED/vendor/laravel/framework/src/Illuminate/Foundation/Http/Middleware/TransformsRequest.php(21): Illuminate/Pipeline/Pipeline->{closure:{closure:Illuminate/Pipeline/Pipeline::carry():184}:185}()
#22 C:/Users/kings/Downloads/sbrai-app-backend-FIXED/vendor/laravel/framework/src/Illuminate/Foundation/Http/Middleware/TrimStrings.php(51): Illuminate/Foundation/Http/Middleware/TransformsRequest->handle()
#23 C:/Users/kings/Downloads/sbrai-app-backend-FIXED/vendor/laravel/framework/src/Illuminate/Pipeline/Pipeline.php(209): Illuminate/Foundation/Http/Middleware/TrimStrings->handle()
#24 C:/Users/kings/Downloads/sbrai-app-backend-FIXED/vendor/laravel/framework/src/Illuminate/Http/Middleware/ValidatePostSize.php(27): Illuminate/Pipeline/Pipeline->{closure:{closure:Illuminate/Pipeline/Pipeline::carry():184}:185}()
#25 C:/Users/kings/Downloads/sbrai-app-backend-FIXED/vendor/laravel/framework/src/Illuminate/Pipeline/Pipeline.php(209): Illuminate/Http/Middleware/ValidatePostSize->handle()
#26 C:/Users/kings/Downloads/sbrai-app-backend-FIXED/vendor/laravel/framework/src/Illuminate/Foundation/Http/Middleware/PreventRequestsDuringMaintenance.php(110): Illuminate/Pipeline/Pipeline->{closure:{closure:Illuminate/Pipeline/Pipeline::carry():184}:185}()
#27 C:/Users/kings/Downloads/sbrai-app-backend-FIXED/vendor/laravel/framework/src/Illuminate/Pipeline/Pipeline.php(209): Illuminate/Foundation/Http/Middleware/PreventRequestsDuringMaintenance->handle()
#28 C:/Users/kings/Downloads/sbrai-app-backend-FIXED/vendor/laravel/framework/src/Illuminate/Http/Middleware/TrustProxies.php(58): Illuminate/Pipeline/Pipeline->{closure:{closure:Illuminate/Pipeline/Pipeline::carry():184}:185}()
#29 C:/Users/kings/Downloads/sbrai-app-backend-FIXED/vendor/laravel/framework/src/Illuminate/Pipeline/Pipeline.php(209): Illuminate/Http/Middleware/TrustProxies->handle()
#30 C:/Users/kings/Downloads/sbrai-app-backend-FIXED/vendor/laravel/framework/src/Illuminate/Foundation/Http/Middleware/InvokeDeferredCallbacks.php(22): Illuminate/Pipeline/Pipeline->{closure:{closure:Illuminate/Pipeline/Pipeline::carry():184}:185}()
#31 C:/Users/kings/Downloads/sbrai-app-backend-FIXED/vendor/laravel/framework/src/Illuminate/Pipeline/Pipeline.php(209): Illuminate/Foundation/Http/Middleware/InvokeDeferredCallbacks->handle()
#32 C:/Users/kings/Downloads/sbrai-app-backend-FIXED/vendor/laravel/framework/src/Illuminate/Http/Middleware/HandleCors.php(62): Illuminate/Pipeline/Pipeline->{closure:{closure:Illuminate/Pipeline/Pipeline::carry():184}:185}()
#33 C:/Users/kings/Downloads/sbrai-app-backend-FIXED/vendor/laravel/framework/src/Illuminate/Pipeline/Pipeline.php(209): Illuminate/Http/Middleware/HandleCors->handle()
#34 C:/Users/kings/Downloads/sbrai-app-backend-FIXED/vendor/laravel/framework/src/Illuminate/Pipeline/Pipeline.php(127): Illuminate/Pipeline/Pipeline->{closure:{closure:Illuminate/Pipeline/Pipeline::carry():184}:185}()
#35 C:/Users/kings/Downloads/sbrai-app-backend-FIXED/vendor/laravel/framework/src/Illuminate/Foundation/Http/Kernel.php(176): Illuminate/Pipeline/Pipeline->then()
#36 C:/Users/kings/Downloads/sbrai-app-backend-FIXED/vendor/laravel/framework/src/Illuminate/Foundation/Http/Kernel.php(145): Illuminate/Foundation/Http/Kernel->sendRequestThroughRouter()
#37 C:/Users/kings/Downloads/sbrai-app-backend-FIXED/vendor/laravel/framework/src/Illuminate/Foundation/Application.php(1220): Illuminate/Foundation/Http/Kernel->handle()
#38 C:/Users/kings/Downloads/sbrai-app-backend-FIXED/public/index.php(17): Illuminate/Foundation/Application->handleRequest()
#39 C:/Users/kings/Downloads/sbrai-app-backend-FIXED/vendor/laravel/framework/src/Illuminate/Foundation/resources/server.php(23): require_once('...')
#40 {main}
"} 
[2026-07-20 22:26:27] local.ERROR: Call to undefined method App\Models\User::tokens() {"exception":"[object] (BadMethodCallException(code: 0): Call to undefined method App\\Models\\User::tokens() at C:/Users/kings/Downloads/sbrai-app-backend-FIXED/vendor/laravel/framework/src/Illuminate/Support/Traits/ForwardsCalls.php:67)
[stacktrace]
#0 C:/Users/kings/Downloads/sbrai-app-backend-FIXED/vendor/laravel/framework/src/Illuminate/Support/Traits/ForwardsCalls.php(36): Illuminate/Database/Eloquent/Model::throwBadMethodCallException()
#1 C:/Users/kings/Downloads/sbrai-app-backend-FIXED/vendor/laravel/framework/src/Illuminate/Database/Eloquent/Model.php(2372): Illuminate/Database/Eloquent/Model->forwardCallTo()
#2 C:/Users/kings/Downloads/sbrai-app-backend-FIXED/app/Http/Controllers/Api/AuthController.php(94): Illuminate/Database/Eloquent/Model->__call()
#3 C:/Users/kings/Downloads/sbrai-app-backend-FIXED/vendor/laravel/framework/src/Illuminate/Routing/Controller.php(54): App/Http/Controllers/Api/AuthController->login()
#4 C:/Users/kings/Downloads/sbrai-app-backend-FIXED/vendor/laravel/framework/src/Illuminate/Routing/ControllerDispatcher.php(44): Illuminate/Routing/Controller->callAction()
#5 C:/Users/kings/Downloads/sbrai-app-backend-FIXED/vendor/laravel/framework/src/Illuminate/Routing/Route.php(266): Illuminate/Routing/ControllerDispatcher->dispatch()
#6 C:/Users/kings/Downloads/sbrai-app-backend-FIXED/vendor/laravel/framework/src/Illuminate/Routing/Route.php(212): Illuminate/Routing/Route->runController()
#7 C:/Users/kings/Downloads/sbrai-app-backend-FIXED/vendor/laravel/framework/src/Illuminate/Routing/Router.php(808): Illuminate/Routing/Route->run()
#8 C:/Users/kings/Downloads/sbrai-app-backend-FIXED/vendor/laravel/framework/src/Illuminate/Pipeline/Pipeline.php(170): Illuminate/Routing/Router->{closure:Illuminate/Routing/Router::runRouteWithinStack():807}()
#9 C:/Users/kings/Downloads/sbrai-app-backend-FIXED/vendor/laravel/framework/src/Illuminate/Routing/Middleware/SubstituteBindings.php(51): Illuminate/Pipeline/Pipeline->{closure:Illuminate/Pipeline/Pipeline::prepareDestination():168}()
#10 C:/Users/kings/Downloads/sbrai-app-backend-FIXED/vendor/laravel/framework/src/Illuminate/Pipeline/Pipeline.php(209): Illuminate/Routing/Middleware/SubstituteBindings->handle()
#11 C:/Users/kings/Downloads/sbrai-app-backend-FIXED/vendor/laravel/framework/src/Illuminate/Pipeline/Pipeline.php(127): Illuminate/Pipeline/Pipeline->{closure:{closure:Illuminate/Pipeline/Pipeline::carry():184}:185}()
#12 C:/Users/kings/Downloads/sbrai-app-backend-FIXED/vendor/laravel/framework/src/Illuminate/Routing/Router.php(807): Illuminate/Pipeline/Pipeline->then()
#13 C:/Users/kings/Downloads/sbrai-app-backend-FIXED/vendor/laravel/framework/src/Illuminate/Routing/Router.php(786): Illuminate/Routing/Router->runRouteWithinStack()
#14 C:/Users/kings/Downloads/sbrai-app-backend-FIXED/vendor/laravel/framework/src/Illuminate/Routing/Router.php(750): Illuminate/Routing/Router->runRoute()
#15 C:/Users/kings/Downloads/sbrai-app-backend-FIXED/vendor/laravel/framework/src/Illuminate/Routing/Router.php(739): Illuminate/Routing/Router->dispatchToRoute()
#16 C:/Users/kings/Downloads/sbrai-app-backend-FIXED/vendor/laravel/framework/src/Illuminate/Foundation/Http/Kernel.php(201): Illuminate/Routing/Router->dispatch()
#17 C:/Users/kings/Downloads/sbrai-app-backend-FIXED/vendor/laravel/framework/src/Illuminate/Pipeline/Pipeline.php(170): Illuminate/Foundation/Http/Kernel->{closure:Illuminate/Foundation/Http/Kernel::dispatchToRouter():198}()
#18 C:/Users/kings/Downloads/sbrai-app-backend-FIXED/vendor/laravel/framework/src/Illuminate/Foundation/Http/Middleware/TransformsRequest.php(21): Illuminate/Pipeline/Pipeline->{closure:Illuminate/Pipeline/Pipeline::prepareDestination():168}()
#19 C:/Users/kings/Downloads/sbrai-app-backend-FIXED/vendor/laravel/framework/src/Illuminate/Foundation/Http/Middleware/ConvertEmptyStringsToNull.php(31): Illuminate/Foundation/Http/Middleware/TransformsRequest->handle()
#20 C:/Users/kings/Downloads/sbrai-app-backend-FIXED/vendor/laravel/framework/src/Illuminate/Pipeline/Pipeline.php(209): Illuminate/Foundation/Http/Middleware/ConvertEmptyStringsToNull->handle()
#21 C:/Users/kings/Downloads/sbrai-app-backend-FIXED/vendor/laravel/framework/src/Illuminate/Foundation/Http/Middleware/TransformsRequest.php(21): Illuminate/Pipeline/Pipeline->{closure:{closure:Illuminate/Pipeline/Pipeline::carry():184}:185}()
#22 C:/Users/kings/Downloads/sbrai-app-backend-FIXED/vendor/laravel/framework/src/Illuminate/Foundation/Http/Middleware/TrimStrings.php(51): Illuminate/Foundation/Http/Middleware/TransformsRequest->handle()
#23 C:/Users/kings/Downloads/sbrai-app-backend-FIXED/vendor/laravel/framework/src/Illuminate/Pipeline/Pipeline.php(209): Illuminate/Foundation/Http/Middleware/TrimStrings->handle()
#24 C:/Users/kings/Downloads/sbrai-app-backend-FIXED/vendor/laravel/framework/src/Illuminate/Http/Middleware/ValidatePostSize.php(27): Illuminate/Pipeline/Pipeline->{closure:{closure:Illuminate/Pipeline/Pipeline::carry():184}:185}()
#25 C:/Users/kings/Downloads/sbrai-app-backend-FIXED/vendor/laravel/framework/src/Illuminate/Pipeline/Pipeline.php(209): Illuminate/Http/Middleware/ValidatePostSize->handle()
#26 C:/Users/kings/Downloads/sbrai-app-backend-FIXED/vendor/laravel/framework/src/Illuminate/Foundation/Http/Middleware/PreventRequestsDuringMaintenance.php(110): Illuminate/Pipeline/Pipeline->{closure:{closure:Illuminate/Pipeline/Pipeline::carry():184}:185}()
#27 C:/Users/kings/Downloads/sbrai-app-backend-FIXED/vendor/laravel/framework/src/Illuminate/Pipeline/Pipeline.php(209): Illuminate/Foundation/Http/Middleware/PreventRequestsDuringMaintenance->handle()
#28 C:/Users/kings/Downloads/sbrai-app-backend-FIXED/vendor/laravel/framework/src/Illuminate/Http/Middleware/TrustProxies.php(58): Illuminate/Pipeline/Pipeline->{closure:{closure:Illuminate/Pipeline/Pipeline::carry():184}:185}()
#29 C:/Users/kings/Downloads/sbrai-app-backend-FIXED/vendor/laravel/framework/src/Illuminate/Pipeline/Pipeline.php(209): Illuminate/Http/Middleware/TrustProxies->handle()
#30 C:/Users/kings/Downloads/sbrai-app-backend-FIXED/vendor/laravel/framework/src/Illuminate/Foundation/Http/Middleware/InvokeDeferredCallbacks.php(22): Illuminate/Pipeline/Pipeline->{closure:{closure:Illuminate/Pipeline/Pipeline::carry():184}:185}()
#31 C:/Users/kings/Downloads/sbrai-app-backend-FIXED/vendor/laravel/framework/src/Illuminate/Pipeline/Pipeline.php(209): Illuminate/Foundation/Http/Middleware/InvokeDeferredCallbacks->handle()
#32 C:/Users/kings/Downloads/sbrai-app-backend-FIXED/vendor/laravel/framework/src/Illuminate/Http/Middleware/HandleCors.php(62): Illuminate/Pipeline/Pipeline->{closure:{closure:Illuminate/Pipeline/Pipeline::carry():184}:185}()
#33 C:/Users/kings/Downloads/sbrai-app-backend-FIXED/vendor/laravel/framework/src/Illuminate/Pipeline/Pipeline.php(209): Illuminate/Http/Middleware/HandleCors->handle()
#34 C:/Users/kings/Downloads/sbrai-app-backend-FIXED/vendor/laravel/framework/src/Illuminate/Pipeline/Pipeline.php(127): Illuminate/Pipeline/Pipeline->{closure:{closure:Illuminate/Pipeline/Pipeline::carry():184}:185}()
#35 C:/Users/kings/Downloads/sbrai-app-backend-FIXED/vendor/laravel/framework/src/Illuminate/Foundation/Http/Kernel.php(176): Illuminate/Pipeline/Pipeline->then()
#36 C:/Users/kings/Downloads/sbrai-app-backend-FIXED/vendor/laravel/framework/src/Illuminate/Foundation/Http/Kernel.php(145): Illuminate/Foundation/Http/Kernel->sendRequestThroughRouter()
#37 C:/Users/kings/Downloads/sbrai-app-backend-FIXED/vendor/laravel/framework/src/Illuminate/Foundation/Application.php(1220): Illuminate/Foundation/Http/Kernel->handle()
#38 C:/Users/kings/Downloads/sbrai-app-backend-FIXED/public/index.php(17): Illuminate/Foundation/Application->handleRequest()
#39 C:/Users/kings/Downloads/sbrai-app-backend-FIXED/vendor/laravel/framework/src/Illuminate/Foundation/resources/server.php(23): require_once('...')
#40 {main}
"} 
[2026-07-20 22:32:32] local.ERROR: Cannot assign null to property App\Services\PaystackService::$secretKey of type string {"exception":"[object] (TypeError(code: 0): Cannot assign null to property App\\Services\\PaystackService::$secretKey of type string at C:/Users/kings/Downloads/sbrai-app-backend-FIXED/app/Services/PaystackService.php:26)
[stacktrace]
#0 [internal function]: App/Services/PaystackService->__construct()
#1 C:/Users/kings/Downloads/sbrai-app-backend-FIXED/vendor/laravel/framework/src/Illuminate/Container/Container.php(1004): ReflectionClass->newInstanceArgs()
#2 C:/Users/kings/Downloads/sbrai-app-backend-FIXED/vendor/laravel/framework/src/Illuminate/Container/Container.php(832): Illuminate/Container/Container->build()
#3 C:/Users/kings/Downloads/sbrai-app-backend-FIXED/vendor/laravel/framework/src/Illuminate/Foundation/Application.php(1078): Illuminate/Container/Container->resolve()
#4 C:/Users/kings/Downloads/sbrai-app-backend-FIXED/vendor/laravel/framework/src/Illuminate/Container/Container.php(763): Illuminate/Foundation/Application->resolve()
#5 C:/Users/kings/Downloads/sbrai-app-backend-FIXED/vendor/laravel/framework/src/Illuminate/Foundation/Application.php(1058): Illuminate/Container/Container->make()
#6 C:/Users/kings/Downloads/sbrai-app-backend-FIXED/vendor/laravel/framework/src/Illuminate/Container/Container.php(1133): Illuminate/Foundation/Application->make()
#7 C:/Users/kings/Downloads/sbrai-app-backend-FIXED/vendor/laravel/framework/src/Illuminate/Container/Container.php(1043): Illuminate/Container/Container->resolveClass()
#8 C:/Users/kings/Downloads/sbrai-app-backend-FIXED/vendor/laravel/framework/src/Illuminate/Container/Container.php(994): Illuminate/Container/Container->resolveDependencies()
#9 C:/Users/kings/Downloads/sbrai-app-backend-FIXED/vendor/laravel/framework/src/Illuminate/Container/Container.php(832): Illuminate/Container/Container->build()
#10 C:/Users/kings/Downloads/sbrai-app-backend-FIXED/vendor/laravel/framework/src/Illuminate/Foundation/Application.php(1078): Illuminate/Container/Container->resolve()
#11 C:/Users/kings/Downloads/sbrai-app-backend-FIXED/vendor/laravel/framework/src/Illuminate/Container/Container.php(763): Illuminate/Foundation/Application->resolve()
#12 C:/Users/kings/Downloads/sbrai-app-backend-FIXED/vendor/laravel/framework/src/Illuminate/Foundation/Application.php(1058): Illuminate/Container/Container->make()
#13 C:/Users/kings/Downloads/sbrai-app-backend-FIXED/vendor/laravel/framework/src/Illuminate/Routing/Route.php(285): Illuminate/Foundation/Application->make()
#14 C:/Users/kings/Downloads/sbrai-app-backend-FIXED/vendor/laravel/framework/src/Illuminate/Routing/Route.php(1125): Illuminate/Routing/Route->getController()
#15 C:/Users/kings/Downloads/sbrai-app-backend-FIXED/vendor/laravel/framework/src/Illuminate/Routing/Route.php(1054): Illuminate/Routing/Route->controllerMiddleware()
#16 C:/Users/kings/Downloads/sbrai-app-backend-FIXED/vendor/laravel/framework/src/Illuminate/Routing/Router.php(820): Illuminate/Routing/Route->gatherMiddleware()
#17 C:/Users/kings/Downloads/sbrai-app-backend-FIXED/vendor/laravel/framework/src/Illuminate/Routing/Router.php(802): Illuminate/Routing/Router->gatherRouteMiddleware()
#18 C:/Users/kings/Downloads/sbrai-app-backend-FIXED/vendor/laravel/framework/src/Illuminate/Routing/Router.php(786): Illuminate/Routing/Router->runRouteWithinStack()
#19 C:/Users/kings/Downloads/sbrai-app-backend-FIXED/vendor/laravel/framework/src/Illuminate/Routing/Router.php(750): Illuminate/Routing/Router->runRoute()
#20 C:/Users/kings/Downloads/sbrai-app-backend-FIXED/vendor/laravel/framework/src/Illuminate/Routing/Router.php(739): Illuminate/Routing/Router->dispatchToRoute()
#21 C:/Users/kings/Downloads/sbrai-app-backend-FIXED/vendor/laravel/framework/src/Illuminate/Foundation/Http/Kernel.php(201): Illuminate/Routing/Router->dispatch()
#22 C:/Users/kings/Downloads/sbrai-app-backend-FIXED/vendor/laravel/framework/src/Illuminate/Pipeline/Pipeline.php(170): Illuminate/Foundation/Http/Kernel->{closure:Illuminate/Foundation/Http/Kernel::dispatchToRouter():198}()
#23 C:/Users/kings/Downloads/sbrai-app-backend-FIXED/vendor/laravel/framework/src/Illuminate/Foundation/Http/Middleware/TransformsRequest.php(21): Illuminate/Pipeline/Pipeline->{closure:Illuminate/Pipeline/Pipeline::prepareDestination():168}()
#24 C:/Users/kings/Downloads/sbrai-app-backend-FIXED/vendor/laravel/framework/src/Illuminate/Foundation/Http/Middleware/ConvertEmptyStringsToNull.php(31): Illuminate/Foundation/Http/Middleware/TransformsRequest->handle()
#25 C:/Users/kings/Downloads/sbrai-app-backend-FIXED/vendor/laravel/framework/src/Illuminate/Pipeline/Pipeline.php(209): Illuminate/Foundation/Http/Middleware/ConvertEmptyStringsToNull->handle()
#26 C:/Users/kings/Downloads/sbrai-app-backend-FIXED/vendor/laravel/framework/src/Illuminate/Foundation/Http/Middleware/TransformsRequest.php(21): Illuminate/Pipeline/Pipeline->{closure:{closure:Illuminate/Pipeline/Pipeline::carry():184}:185}()
#27 C:/Users/kings/Downloads/sbrai-app-backend-FIXED/vendor/laravel/framework/src/Illuminate/Foundation/Http/Middleware/TrimStrings.php(51): Illuminate/Foundation/Http/Middleware/TransformsRequest->handle()
#28 C:/Users/kings/Downloads/sbrai-app-backend-FIXED/vendor/laravel/framework/src/Illuminate/Pipeline/Pipeline.php(209): Illuminate/Foundation/Http/Middleware/TrimStrings->handle()
#29 C:/Users/kings/Downloads/sbrai-app-backend-FIXED/vendor/laravel/framework/src/Illuminate/Http/Middleware/ValidatePostSize.php(27): Illuminate/Pipeline/Pipeline->{closure:{closure:Illuminate/Pipeline/Pipeline::carry():184}:185}()
#30 C:/Users/kings/Downloads/sbrai-app-backend-FIXED/vendor/laravel/framework/src/Illuminate/Pipeline/Pipeline.php(209): Illuminate/Http/Middleware/ValidatePostSize->handle()
#31 C:/Users/kings/Downloads/sbrai-app-backend-FIXED/vendor/laravel/framework/src/Illuminate/Foundation/Http/Middleware/PreventRequestsDuringMaintenance.php(110): Illuminate/Pipeline/Pipeline->{closure:{closure:Illuminate/Pipeline/Pipeline::carry():184}:185}()
#32 C:/Users/kings/Downloads/sbrai-app-backend-FIXED/vendor/laravel/framework/src/Illuminate/Pipeline/Pipeline.php(209): Illuminate/Foundation/Http/Middleware/PreventRequestsDuringMaintenance->handle()
#33 C:/Users/kings/Downloads/sbrai-app-backend-FIXED/vendor/laravel/framework/src/Illuminate/Http/Middleware/TrustProxies.php(58): Illuminate/Pipeline/Pipeline->{closure:{closure:Illuminate/Pipeline/Pipeline::carry():184}:185}()
#34 C:/Users/kings/Downloads/sbrai-app-backend-FIXED/vendor/laravel/framework/src/Illuminate/Pipeline/Pipeline.php(209): Illuminate/Http/Middleware/TrustProxies->handle()
#35 C:/Users/kings/Downloads/sbrai-app-backend-FIXED/vendor/laravel/framework/src/Illuminate/Foundation/Http/Middleware/InvokeDeferredCallbacks.php(22): Illuminate/Pipeline/Pipeline->{closure:{closure:Illuminate/Pipeline/Pipeline::carry():184}:185}()
#36 C:/Users/kings/Downloads/sbrai-app-backend-FIXED/vendor/laravel/framework/src/Illuminate/Pipeline/Pipeline.php(209): Illuminate/Foundation/Http/Middleware/InvokeDeferredCallbacks->handle()
#37 C:/Users/kings/Downloads/sbrai-app-backend-FIXED/vendor/laravel/framework/src/Illuminate/Http/Middleware/HandleCors.php(62): Illuminate/Pipeline/Pipeline->{closure:{closure:Illuminate/Pipeline/Pipeline::carry():184}:185}()
#38 C:/Users/kings/Downloads/sbrai-app-backend-FIXED/vendor/laravel/framework/src/Illuminate/Pipeline/Pipeline.php(209): Illuminate/Http/Middleware/HandleCors->handle()
#39 C:/Users/kings/Downloads/sbrai-app-backend-FIXED/vendor/laravel/framework/src/Illuminate/Pipeline/Pipeline.php(127): Illuminate/Pipeline/Pipeline->{closure:{closure:Illuminate/Pipeline/Pipeline::carry():184}:185}()
#40 C:/Users/kings/Downloads/sbrai-app-backend-FIXED/vendor/laravel/framework/src/Illuminate/Foundation/Http/Kernel.php(176): Illuminate/Pipeline/Pipeline->then()
#41 C:/Users/kings/Downloads/sbrai-app-backend-FIXED/vendor/laravel/framework/src/Illuminate/Foundation/Http/Kernel.php(145): Illuminate/Foundation/Http/Kernel->sendRequestThroughRouter()
#42 C:/Users/kings/Downloads/sbrai-app-backend-FIXED/vendor/laravel/framework/src/Illuminate/Foundation/Application.php(1220): Illuminate/Foundation/Http/Kernel->handle()
#43 C:/Users/kings/Downloads/sbrai-app-backend-FIXED/public/index.php(17): Illuminate/Foundation/Application->handleRequest()
#44 C:/Users/kings/Downloads/sbrai-app-backend-FIXED/vendor/laravel/framework/src/Illuminate/Foundation/resources/server.php(23): require_once('...')
#45 {main}
"} 
